
C:\Users\provincesettat\Desktop\les reunions\new-v\demo>if "Windows_NT" == "Windows_NT" setlocal

C:\Users\provincesettat\Desktop\les reunions\new-v\demo>set DIRNAME=C:\Users\provincesettat\Desktop\les reunions\new-v\demo\ 

C:\Users\provincesettat\Desktop\les reunions\new-v\demo>if "C:\Users\provincesettat\Desktop\les reunions\new-v\demo\" == "" set DIRNAME=. 

C:\Users\provincesettat\Desktop\les reunions\new-v\demo>set APP_BASE_NAME=gradlew 

C:\Users\provincesettat\Desktop\les reunions\new-v\demo>set APP_HOME=C:\Users\provincesettat\Desktop\les reunions\new-v\demo\ 

C:\Users\provincesettat\Desktop\les reunions\new-v\demo>for %i in ("C:\Users\provincesettat\Desktop\les reunions\new-v\demo\") do set APP_HOME=%~fi 

C:\Users\provincesettat\Desktop\les reunions\new-v\demo>set APP_HOME=C:\Users\provincesettat\Desktop\les reunions\new-v\demo\ 

C:\Users\provincesettat\Desktop\les reunions\new-v\demo>set DEFAULT_JVM_OPTS="-Xmx64m" "-Xms64m" 

C:\Users\provincesettat\Desktop\les reunions\new-v\demo>if defined JAVA_HOME goto findJavaFromJavaHome 

C:\Users\provincesettat\Desktop\les reunions\new-v\demo>set JAVA_HOME=C:\Program Files\Java\jdk-17 

C:\Users\provincesettat\Desktop\les reunions\new-v\demo>set JAVA_EXE=C:\Program Files\Java\jdk-17/bin/java.exe 

C:\Users\provincesettat\Desktop\les reunions\new-v\demo>if exist "C:\Program Files\Java\jdk-17/bin/java.exe" goto execute 

C:\Users\provincesettat\Desktop\les reunions\new-v\demo>"C:\Program Files\Java\jdk-17/bin/java.exe" "-Xmx64m" "-Xms64m"   "-Dorg.gradle.appname=gradlew" -jar "C:\Users\provincesettat\Desktop\les reunions\new-v\demo\\gradle\wrapper\gradle-wrapper.jar" --version 

------------------------------------------------------------
Gradle 9.4.1
------------------------------------------------------------

Build time:    2026-03-19 08:46:28 UTC
Revision:      2d6327017519d23b96af35865dc997fcb544fb40

Kotlin:        2.3.0
Groovy:        4.0.29
Ant:           Apache Ant(TM) version 1.10.15 compiled on August 25 2024
Launcher JVM:  17.0.12 (Oracle Corporation 17.0.12+8-LTS-286)
Daemon JVM:    C:\Program Files\Java\jdk-17 (no Daemon JVM specified, using current Java home)
OS:            Windows 11 10.0 amd64


C:\Users\provincesettat\Desktop\les reunions\new-v\demo>if 0 EQU 0 goto mainEnd 

C:\Users\provincesettat\Desktop\les reunions\new-v\demo>if "Windows_NT" == "Windows_NT" endlocal
